[clai2faz.wixsite.com/clai2faz.html]
[backblue.gif]
[fade.gif]
[index.html]
[clai2faz.wixsite.com/sitemap.xml]
[clai2faz.wixsite.com/feed.xml]
[browser.sentry-cdn.com/4.6.2/bundle.min.js]
[static.parastorage.com/unpkg/core-js-bundle@3.2.1/minified.js]
[static.parastorage.com/unpkg/whatwg-fetch@3.0.0/dist/fetch.umd.js]
[static.parastorage.com/services/wix-bolt/1.3867.0/bolt-main/app/bolt-custom-elements.min.js]
[static.parastorage.com/unpkg/requirejs-bolt@2.3.6/requirejs.min.js]
[clai2faz.wixsite.com/_partials/wix-bolt/1.3867.0/node_modules/viewer-platform-worker/dist/bolt-worker.js]
[static.parastorage.com/services/skins/2.1229.80/images/wysiwyg/core/themes/base/cursor_zoom_out.png]
[static.parastorage.com/services/skins/2.1229.80/images/wysiwyg/core/themes/base/cursor_zoom_in.png]
[static.wixstatic.com/media/3fbc45_cb75dfef425f4fc098cd11720b534aa6_mv2_d_2/v1/fill/w_480,h_359,al_c,q_80,usm_0.66_1.00_0.01,blur_2/3fbc45_cb75dfef425f4fc098cd11720b534aa6_mv2_d_2592_1936_s_2.jpg]
[clai2faz.wixsite.com/clai2faz/clai2faz--.html]
[clai2faz.wixsite.com/clai2faz/contes.html]
[clai2faz.wixsite.com/clai2faz/about.html]
[clai2faz.wixsite.com/clai2faz/events.html]
[clai2faz.wixsite.com/clai2faz/evt.html]
[clai2faz.wixsite.com/clai2faz/gallery.html]
[clai2faz.wixsite.com/clai2faz/music.html]
[clai2faz.wixsite.com/clai2faz/contact.html]
[clai2faz.wixsite.com/clai2faz/livredor.html]
[clai2faz.wixsite.com/clai2faz/on-ecrit-vos-chansons.html]
[clai2faz.wixsite.com/clai2faz/book-online.html]
[static.wixstatic.com/media/3fbc45_08aea7b0df9041518d90025e5e20d72e.jpg/v1/fill/w_169,h_238,al_c,q_80,usm_0.66_1.00_0.01,blur_3/3fbc45_08aea7b0df9041518d90025e5e20d72e.jpg]
[static.wixstatic.com/media/3fbc45_705bec4c991dbb24385cf088c334fe19.jpg/v1/fill/w_102,h_60,al_c,q_80,usm_0.66_1.00_0.01,blur_3/3fbc45_705bec4c991dbb24385cf088c334fe19.jpg]
[static.wixstatic.com/media/0da768_0c5ce9e2ffa442bea0b79b690223a939_mv2.png]
[clai2faz.wixsite.com/clai2faz.html]
[clai2faz.wixsite.com/sitemap.html]
[clai2faz.wixsite.com/feed.html]
[clai2faz.wixsite.com/clai2faz/inscription.html]
[clai2faz.wixsite.com/clai2faz/robots.txt]
[clai2faz.wixsite.com/clai2faz/sitemap.xml]
[clai2faz.wixsite.com/clai2faz/feed.xml]
[static.wixstatic.com/media/3fbc45_6037e9d5140440768aef12040247f3e6.jpg/v1/fill/w_240,h_159,al_c,q_80,usm_0.66_1.00_0.01,blur_2/3fbc45_6037e9d5140440768aef12040247f3e6.jpg]
[clai2faz.wixsite.com/clai2faz/clai2faz--.html]
[static.parastorage.com/services/skins/2.1229.80/images/wysiwyg/core/themes/base/apple_box.png]
[static.wixstatic.com/media/3fbc45_50e5831720fa4497a1cf3f9afc8235e8f000.jpg/v1/fill/w_256,h_144,al_c,q_80,usm_0.33_1.00_0.00,blur_2/3fbc45_50e5831720fa4497a1cf3f9afc8235e8f000.jpg]
[clai2faz.wixsite.com/clai2faz/contes.html]
[static.wixstatic.com/media/3fbc45_31ad39680fce4526a4f3c0a390679917.jpg/v1/fill/w_480,h_360,al_c,q_80,usm_0.66_1.00_0.01,blur_2/3fbc45_31ad39680fce4526a4f3c0a390679917.jpg]
[static.wixstatic.com/media/3fbc45_d0deca0fbfb44f76ae8a6ecfc9f0d3a9.jpg/v1/fill/w_130,h_98,al_c,q_80,usm_0.66_1.00_0.01,blur_2/3fbc45_d0deca0fbfb44f76ae8a6ecfc9f0d3a9.jpg]
[static.wixstatic.com/media/3fbc45_98ffaec451b54d53b0c66dd015f4eddd.jpg/v1/fill/w_130,h_117,al_c,q_80,usm_0.66_1.00_0.01,blur_2/3fbc45_98ffaec451b54d53b0c66dd015f4eddd.jpg]
[static.wixstatic.com/media/3fbc45_70e43e85a1554d52bd14eb6a37a34f76.jpg/v1/fill/w_196,h_147,al_c,q_80,usm_0.66_1.00_0.01,blur_3/3fbc45_70e43e85a1554d52bd14eb6a37a34f76.jpg]
[static.wixstatic.com/media/3fbc45_d310e6b289f8468cbb1d5065d78fcd60.jpg/v1/fill/w_142,h_106,al_c,q_80,usm_0.66_1.00_0.01,blur_2/3fbc45_d310e6b289f8468cbb1d5065d78fcd60.jpg]
[static.wixstatic.com/media/3fbc45_86ca0cc875e3483ca94b23f2f49aa14f.jpg/v1/fill/w_79,h_62,al_c,q_80,usm_0.66_1.00_0.01,blur_3/3fbc45_86ca0cc875e3483ca94b23f2f49aa14f.jpg]
[static.wixstatic.com/media/3fbc45_18656d1732d94f8b89eb231238c01a34.jpg/v1/fill/w_91,h_91,al_c,q_80,usm_0.66_1.00_0.01,blur_2/3fbc45_18656d1732d94f8b89eb231238c01a34.png]
[static.wixstatic.com/media/3fbc45_2ed3e1cb1e834325a1b26046c8e8243f_mv2.jpg/v1/crop/x_54,y_0,w_915,h_683/fill/w_121,h_90,al_c,q_80,usm_0.66_1.00_0.01,blur_2/3fbc45_2ed3e1cb1e834325a1b26046c8e8243f_mv2.jpg]
[clai2faz.wixsite.com/clai2faz/about.html]
[static.wixstatic.com/media/3fbc45_95cdf68c338c48ee81bf71f20ee03978.jpg/v1/fill/w_480,h_359,al_c,q_80,usm_0.66_1.00_0.01,blur_2/3fbc45_95cdf68c338c48ee81bf71f20ee03978.jpg]
[static.wixstatic.com/media/3fbc45_072dc25b057a40d895691b8a024d71fc.jpg/v1/fill/w_126,h_122,al_c,q_80,usm_0.66_1.00_0.01,blur_2/3fbc45_072dc25b057a40d895691b8a024d71fc.jpg]
[static.wixstatic.com/media/3fbc45_c976332a06c343ca94061ecf7a675db7.jpg/v1/fill/w_138,h_92,al_c,q_80,usm_0.66_1.00_0.01,blur_2/3fbc45_c976332a06c343ca94061ecf7a675db7.jpg]
[static.wixstatic.com/media/3fbc45_3879b4f603e64f68896095ba9a55d7bd.jpg/v1/fill/w_121,h_90,al_c,q_80,usm_0.66_1.00_0.01,blur_2/3fbc45_3879b4f603e64f68896095ba9a55d7bd.png]
[clai2faz.wixsite.com/clai2faz/events.html]
[static.wixstatic.com/media/3fbc45_b57973b42e7e455b8456edebf27a677b.jpg/v1/fill/w_480,h_360,al_c,q_80,usm_0.66_1.00_0.01,blur_2/3fbc45_b57973b42e7e455b8456edebf27a677b.jpg]
[clai2faz.wixsite.com/clai2faz/music.html]
[static.parastorage.com/services/skins/2.1229.80/images/wysiwyg/core/themes/base/indented_bg.png]
[static.parastorage.com/services/skins/2.1229.80/images/wysiwyg/core/themes/viewer/button/button-gradient.png]
[static.parastorage.com/services/skins/2.1229.80/images/wysiwyg/core/themes/base/error.png]
[static.parastorage.com/services/skins/2.1229.80/images/wysiwyg/core/themes/base/arrows_white.png]
[static.parastorage.com/services/skins/2.1229.80/images/wysiwyg/core/themes/base/wix_apps/magnify.png]
[static.parastorage.com/services/skins/2.1229.80/images/wysiwyg/core/themes/base/x_button.png]
[static.wixstatic.com/media/3fbc45_60bf9ccddb614d6cbf0d26cc739e19d2.jpg/v1/fill/w_269,h_250,al_c,q_80,usm_0.66_1.00_0.01,blur_2/3fbc45_60bf9ccddb614d6cbf0d26cc739e19d2.jpg]
[clai2faz.wixsite.com/clai2faz/evt.html]
[static.parastorage.com/services/skins/2.1229.80/images/wysiwyg/core/themes/base/arrows_white_new3.png]
[static.wixstatic.com/media/3fbc45_08aea7b0df9041518d90025e5e20d72e.jpg/v1/fill/w_186,h_262,al_c,q_80,blur_3/3fbc45_08aea7b0df9041518d90025e5e20d72e.jpg]
[clai2faz.wixsite.com/clai2faz/gallery47c6.html]
[clai2faz.wixsite.com/clai2faz/gallery2e29.html]
[clai2faz.wixsite.com/clai2faz/gallery6ebf.html]
[clai2faz.wixsite.com/clai2faz/gallery4060.html]
[clai2faz.wixsite.com/clai2faz/gallery7f58.html]
[clai2faz.wixsite.com/clai2faz/gallery20f2.html]
[clai2faz.wixsite.com/clai2faz/gallery0e2b.html]
[clai2faz.wixsite.com/clai2faz/gallery8012.html]
[clai2faz.wixsite.com/clai2faz/gallery1c13.html]
[clai2faz.wixsite.com/clai2faz/gallery9ba1.html]
[clai2faz.wixsite.com/clai2faz/gallery4a41.html]
[clai2faz.wixsite.com/clai2faz/gallery43da.html]
[clai2faz.wixsite.com/clai2faz/galleryebd3.html]
[clai2faz.wixsite.com/clai2faz/gallery7ebe.html]
[clai2faz.wixsite.com/clai2faz/galleryf670.html]
[clai2faz.wixsite.com/clai2faz/galleryabd9.html]
[clai2faz.wixsite.com/clai2faz/gallery63dd.html]
[clai2faz.wixsite.com/clai2faz/gallery7272.html]
[clai2faz.wixsite.com/clai2faz/gallery5d89.html]
[clai2faz.wixsite.com/clai2faz/gallery.html]
[clai2faz.wixsite.com/clai2faz/gallery27a6.html]
[clai2faz.wixsite.com/clai2faz/gallery2fce.html]
[static.wixstatic.com/media/3fbc45_3d8f1569278843c7b51ac5be8a133cb3.jpg/v1/fill/w_256,h_192,al_c,q_80,usm_0.66_1.00_0.01,blur_2/3fbc45_3d8f1569278843c7b51ac5be8a133cb3.jpg]
[clai2faz.wixsite.com/clai2faz/contact.html]
[static.parastorage.com/services/skins/2.1229.80/images/wysiwyg/core/themes/base/dark-facebook-comments.png]
[static.parastorage.com/services/skins/2.1229.80/images/wysiwyg/core/themes/base/bright-facebook-comments.png]
[static.parastorage.com/services/skins/2.1229.80/images/wysiwyg/core/themes/base/mobile-dark-facebook-comments.jpg]
[static.parastorage.com/services/skins/2.1229.80/images/wysiwyg/core/themes/base/mobile-bright-facebook-comments.jpg]
[static.wixstatic.com/media/3fbc45_c8ce83cf7cc845deb3d229a7c24c8a45.jpg/v1/fill/w_480,h_359,al_c,q_80,usm_0.66_1.00_0.01,blur_2/3fbc45_c8ce83cf7cc845deb3d229a7c24c8a45.jpg]
[clai2faz.wixsite.com/clai2faz/livredor.html]
[static.wixstatic.com/media/3fbc45_7d4a4104d91e45048da654112b90706f.jpg/v1/fill/w_256,h_192,al_c,q_80,usm_0.66_1.00_0.01,blur_2/3fbc45_7d4a4104d91e45048da654112b90706f.jpg]
[clai2faz.wixsite.com/clai2faz/on-ecrit-vos-chansons.html]
[static.wixstatic.com/media/3fbc45_5ec5844ebaa54e7b8f905cbf92c995d1.jpg/v1/fill/w_179,h_166,al_c,q_80,usm_0.66_1.00_0.01,blur_2/3fbc45_5ec5844ebaa54e7b8f905cbf92c995d1.png]
[clai2faz.wixsite.com/clai2faz/book-online.html]
[static.wixstatic.com/media/8d13be_546b9a679cbf4114807bed50b81ea490.png/v1/fill/w_57,h_57,al_c,usm_0.66_1.00_0.01,blur_3/8d13be_546b9a679cbf4114807bed50b81ea490.png]
[static.wixstatic.com/media/8d13be_8ffee7c384614230841505d29ed746b2.gif]
[clai2faz.wixsite.com/clai2faz/inscription.html]
[clai2faz.wixsite.com/clai2faz/robots.html]
[clai2faz.wixsite.com/clai2faz/feed.html]
[static.parastorage.com/services/skins/2.1229.80/images/wysiwyg/core/themes/viewer/button/button-gradient.png]
[clai2faz.wixsite.com/clai2faz/gallery47c6.html]
[clai2faz.wixsite.com/clai2faz/gallery2e29.html]
[clai2faz.wixsite.com/clai2faz/gallery6ebf.html]
[clai2faz.wixsite.com/clai2faz/gallery4060.html]
[clai2faz.wixsite.com/clai2faz/gallery7f58.html]
[clai2faz.wixsite.com/clai2faz/gallery20f2.html]
[clai2faz.wixsite.com/clai2faz/gallery0e2b.html]
[clai2faz.wixsite.com/clai2faz/gallery8012.html]
[clai2faz.wixsite.com/clai2faz/gallery1c13.html]
[clai2faz.wixsite.com/clai2faz/gallery9ba1.html]
[clai2faz.wixsite.com/clai2faz/gallery4a41.html]
[clai2faz.wixsite.com/clai2faz/gallery43da.html]
[clai2faz.wixsite.com/clai2faz/gallery7ebe.html]
[clai2faz.wixsite.com/clai2faz/galleryebd3.html]
[clai2faz.wixsite.com/clai2faz/galleryf670.html]
[clai2faz.wixsite.com/clai2faz/galleryabd9.html]
[clai2faz.wixsite.com/clai2faz/gallery63dd.html]
[clai2faz.wixsite.com/clai2faz/gallery7272.html]
[clai2faz.wixsite.com/clai2faz/gallery5d89.html]
[clai2faz.wixsite.com/clai2faz/gallery27a6.html]
[clai2faz.wixsite.com/clai2faz/gallery2fce.html]
